>>>this is a test document.
